<textarea id="name" name="name" class="form-control form-control-sm" style="min-height: 100%;" rows="2">testo</textarea>