<div class="form-control form-control-sm bg-gray-200" style="min-height: 100%; overflow-y: auto;">testo</div>