<div class="form-control form-control-sm bg-gray-200" style="height: 100%;">testo</div>